BL51 BANKED LINKER/LOCATER V6.22                                                        11/23/2022  21:12:50  PAGE 1


BL51 BANKED LINKER/LOCATER V6.22, INVOKED BY:
C:\KEIL_V5\C51\BIN\BL51.EXE .\Objects\test.obj TO .\Objects\test PRINT (.\Listings\test.m51)


INPUT MODULES INCLUDED:
  .\Objects\test.obj (TEST)


LINK MAP OF MODULE:  .\Objects\test (TEST)


            TYPE    BASE      LENGTH    RELOCATION   SEGMENT NAME
            -----------------------------------------------------

            * * * * * * *   D A T A   M E M O R Y   * * * * * * *
            REG     0000H     0008H     ABSOLUTE     "REG BANK 0"

            * * * * * * *   C O D E   M E M O R Y   * * * * * * *
            CODE    0000H     0029H     ABSOLUTE     



SYMBOL TABLE OF MODULE:  .\Objects\test (TEST)

  VALUE           TYPE          NAME
  ----------------------------------

  -------         MODULE        TEST
  C:0022H         SYMBOL        CLEAR
  N:00FFH         SYMBOL        HB
  C:0027H         SYMBOL        HERE
  C:000CH         SYMBOL        HIGHER
  N:0033H         SYMBOL        LB
  C:0015H         SYMBOL        LOWER
  C:0000H         SYMBOL        TEST
  C:0000H         LINE#         6
  C:0002H         LINE#         7
  C:0004H         LINE#         8
  C:0006H         LINE#         10
  C:0008H         LINE#         11
  C:000AH         LINE#         12
  C:000CH         LINE#         14
  C:000EH         LINE#         15
  C:0010H         LINE#         16
  C:0012H         LINE#         18
  C:0015H         LINE#         20
  C:0017H         LINE#         21
  C:0019H         LINE#         22
  C:001BH         LINE#         24
  C:001CH         LINE#         25
  C:001EH         LINE#         26
  C:0020H         LINE#         27
  C:0022H         LINE#         29
  C:0023H         LINE#         30
  C:0025H         LINE#         31
  C:0027H         LINE#         33
  -------         ENDMOD        TEST

BL51 BANKED LINKER/LOCATER V6.22                                                      11/23/2022  21:12:50  PAGE 2


******************************************************************************
* RESTRICTED VERSION WITH 0800H BYTE CODE SIZE LIMIT; USED: 0029H BYTE ( 2%) *
******************************************************************************

Program Size: data=8.0 xdata=0 code=41
LINK/LOCATE RUN COMPLETE.  0 WARNING(S),  0 ERROR(S)
